// Jest Snapshot v1, https://goo.gl/fbAQLP

exports[`# Card should render correctly 1`] = `
<div
  className="sc-bdVaJa cOxDyi"
/>
`;
